3 has 2 as a primitive root
The order of 2 mod 3 is 2
M2=3 is a Mersenne prime
The order of 2 mod 7 is 3
M3=7 is a Mersenne prime
5 has 2 as a primitive root
The order of 2 mod 5 is 4
The order of 2 mod 31 is 5
M5=31 is a Mersenne prime
No new info from m=6
The order of 2 mod 127 is 7
M7=127 is a Mersenne prime
The order of 2 mod 17 is 8
The order of 2 mod 73 is 9
11 has 2 as a primitive root
The order of 2 mod 11 is 10
The order of 2 mod 23 is 11
The order of 2 mod 89 is 11
13 has 2 as a primitive root
The order of 2 mod 13 is 12
The order of 2 mod 8191 is 13
M13=8191 is a Mersenne prime
The order of 2 mod 43 is 14
The order of 2 mod 151 is 15
The order of 2 mod 257 is 16
The order of 2 mod 131071 is 17
M17=131071 is a Mersenne prime
19 has 2 as a primitive root
The order of 2 mod 19 is 18
The order of 2 mod 524287 is 19
M19=524287 is a Mersenne prime
The order of 2 mod 41 is 20
The order of 2 mod 337 is 21
The order of 2 mod 683 is 22
The order of 2 mod 47 is 23
The order of 2 mod 178481 is 23
The order of 2 mod 241 is 24
The order of 2 mod 601 is 25
The order of 2 mod 1801 is 25
The order of 2 mod 2731 is 26
The order of 2 mod 262657 is 27
29 has 2 as a primitive root
The order of 2 mod 29 is 28
The order of 2 mod 113 is 28
The order of 2 mod 233 is 29
The order of 2 mod 1103 is 29
The order of 2 mod 2089 is 29
The order of 2 mod 331 is 30
The order of 2 mod 2147483647 is 31
M31=2147483647 is a Mersenne prime
The order of 2 mod 65537 is 32
The order of 2 mod 599479 is 33
The order of 2 mod 43691 is 34
The order of 2 mod 71 is 35
The order of 2 mod 122921 is 35
37 has 2 as a primitive root
The order of 2 mod 37 is 36
The order of 2 mod 109 is 36
The order of 2 mod 223 is 37
The order of 2 mod 616318177 is 37
The order of 2 mod 174763 is 38
The order of 2 mod 79 is 39
The order of 2 mod 121369 is 39
The order of 2 mod 61681 is 40
The order of 2 mod 13367 is 41
The order of 2 mod 164511353 is 41
The order of 2 mod 5419 is 42
The order of 2 mod 431 is 43
The order of 2 mod 2099863 is 43
The order of 2 mod 9719 is 43
The order of 2 mod 397 is 44
The order of 2 mod 2113 is 44
The order of 2 mod 631 is 45
The order of 2 mod 23311 is 45
The order of 2 mod 2796203 is 46
The order of 2 mod 2351 is 47
The order of 2 mod 4513 is 47
The order of 2 mod 13264529 is 47
The order of 2 mod 97 is 48
The order of 2 mod 673 is 48
The order of 2 mod 4432676798593 is 49
The order of 2 mod 251 is 50
The order of 2 mod 4051 is 50
The order of 2 mod 103 is 51
The order of 2 mod 2143 is 51
The order of 2 mod 11119 is 51
53 has 2 as a primitive root
The order of 2 mod 53 is 52
The order of 2 mod 157 is 52
The order of 2 mod 1613 is 52
The order of 2 mod 6361 is 53
The order of 2 mod 69431 is 53
The order of 2 mod 20394401 is 53
The order of 2 mod 87211 is 54
The order of 2 mod 881 is 55
The order of 2 mod 3191 is 55
The order of 2 mod 201961 is 55
The order of 2 mod 15790321 is 56
The order of 2 mod 32377 is 57
The order of 2 mod 1212847 is 57
59 has 2 as a primitive root
The order of 2 mod 59 is 58
The order of 2 mod 3033169 is 58
The order of 2 mod 179951 is 59
The order of 2 mod 3203431780337 is 59
61 has 2 as a primitive root
The order of 2 mod 61 is 60
The order of 2 mod 1321 is 60
The order of 2 mod 2305843009213693951 is 61
M61=2305843009213693951 is a Mersenne prime
The order of 2 mod 715827883 is 62
The order of 2 mod 92737 is 63
The order of 2 mod 649657 is 63
The order of 2 mod 641 is 64
The order of 2 mod 6700417 is 64
The order of 2 mod 145295143558111 is 65
67 has 2 as a primitive root
The order of 2 mod 67 is 66
The order of 2 mod 20857 is 66
The order of 2 mod 193707721 is 67
The order of 2 mod 761838257287 is 67
The order of 2 mod 137 is 68
The order of 2 mod 953 is 68
The order of 2 mod 26317 is 68
The order of 2 mod 10052678938039 is 69
The order of 2 mod 281 is 70
The order of 2 mod 86171 is 70
The order of 2 mod 228479 is 71
The order of 2 mod 48544121 is 71
The order of 2 mod 212885833 is 71
The order of 2 mod 433 is 72
The order of 2 mod 38737 is 72
The order of 2 mod 439 is 73
The order of 2 mod 2298041 is 73
The order of 2 mod 9361973132609 is 73
The order of 2 mod 1777 is 74
The order of 2 mod 25781083 is 74
The order of 2 mod 100801 is 75
The order of 2 mod 10567201 is 75
The order of 2 mod 229 is 76
The order of 2 mod 457 is 76
The order of 2 mod 525313 is 76
The order of 2 mod 581283643249112959 is 77
The order of 2 mod 22366891 is 78
The order of 2 mod 2687 is 79
The order of 2 mod 202029703 is 79
The order of 2 mod 1113491139767 is 79
The order of 2 mod 4278255361 is 80
The order of 2 mod 2593 is 81
The order of 2 mod 71119 is 81
The order of 2 mod 97685839 is 81
83 has 2 as a primitive root
The order of 2 mod 83 is 82
The order of 2 mod 8831418697 is 82
The order of 2 mod 167 is 83
The order of 2 mod 57912614113275649087721 is 83
The order of 2 mod 1429 is 84
The order of 2 mod 14449 is 84
The order of 2 mod 9520972806333758431 is 85
The order of 2 mod 2932031007403 is 86
The order of 2 mod 4177 is 87
The order of 2 mod 9857737155463 is 87
The order of 2 mod 353 is 88
The order of 2 mod 2931542417 is 88
The order of 2 mod 618970019642690137449562111 is 89
M89=618970019642690137449562111 is a Mersenne prime
The order of 2 mod 18837001 is 90
The order of 2 mod 911 is 91
The order of 2 mod 112901153 is 91
The order of 2 mod 23140471537 is 91
The order of 2 mod 277 is 92
The order of 2 mod 1013 is 92
The order of 2 mod 1657 is 92
The order of 2 mod 30269 is 92
The order of 2 mod 658812288653553079 is 93
The order of 2 mod 283 is 94
The order of 2 mod 165768537521 is 94
The order of 2 mod 191 is 95
The order of 2 mod 420778751 is 95
The order of 2 mod 30327152671 is 95
The order of 2 mod 193 is 96
The order of 2 mod 22253377 is 96
The order of 2 mod 11447 is 97
The order of 2 mod 13842607235828485645766393 is 97
The order of 2 mod 4363953127297 is 98
The order of 2 mod 199 is 99
The order of 2 mod 153649 is 99
The order of 2 mod 33057806959 is 99
101 has 2 as a primitive root
The order of 2 mod 101 is 100
The order of 2 mod 8101 is 100
The order of 2 mod 268501 is 100
The order of 2 mod 7432339208719 is 101
The order of 2 mod 341117531003194129 is 101
The order of 2 mod 307 is 102
The order of 2 mod 2857 is 102
The order of 2 mod 6529 is 102
The order of 2 mod 2550183799 is 103
The order of 2 mod 3976656429941438590393 is 103
The order of 2 mod 858001 is 104
The order of 2 mod 308761441 is 104
The order of 2 mod 152041 is 105
The order of 2 mod 29191 is 105
The order of 2 mod 106681 is 105
107 has 2 as a primitive root
The order of 2 mod 107 is 106
The order of 2 mod 28059810762433 is 106
The order of 2 mod 162259276829213363391578010288127 is 107
M107=162259276829213363391578010288127 is a Mersenne prime
The order of 2 mod 246241 is 108
The order of 2 mod 279073 is 108
The order of 2 mod 745988807 is 109
The order of 2 mod 870035986098720987332873 is 109
The order of 2 mod 2971 is 110
The order of 2 mod 48912491 is 110
The order of 2 mod 321679 is 111
The order of 2 mod 26295457 is 111
The order of 2 mod 319020217 is 111
The order of 2 mod 5153 is 112
The order of 2 mod 54410972897 is 112
The order of 2 mod 3391 is 113
The order of 2 mod 65993 is 113
The order of 2 mod 23279 is 113
The order of 2 mod 1868569 is 113
The order of 2 mod 1066818132868207 is 113
The order of 2 mod 571 is 114
The order of 2 mod 160465489 is 114
The order of 2 mod 14951 is 115
The order of 2 mod 4036961 is 115
The order of 2 mod 2646507710984041 is 115
The order of 2 mod 107367629 is 116
The order of 2 mod 536903681 is 116
The order of 2 mod 937 is 117
The order of 2 mod 6553 is 117
The order of 2 mod 86113 is 117
The order of 2 mod 7830118297 is 117
The order of 2 mod 2833 is 118
The order of 2 mod 37171 is 118
The order of 2 mod 1824726041 is 118
The order of 2 mod 239 is 119
The order of 2 mod 20231 is 119
The order of 2 mod 62983048367 is 119
The order of 2 mod 131105292137 is 119
The order of 2 mod 4562284561 is 120
The order of 2 mod 727 is 121
The order of 2 mod 1786393878363164227858270210279 is 121
The order of 2 mod 768614336404564651 is 122
The order of 2 mod 3887047 is 123
The order of 2 mod 177722253954175633 is 123
The order of 2 mod 5581 is 124
The order of 2 mod 8681 is 124
The order of 2 mod 49477 is 124
The order of 2 mod 384773 is 124
The order of 2 mod 269089806001 is 125
The order of 2 mod 4710883168879506001 is 125
The order of 2 mod 77158673929 is 126
The order of 2 mod 170141183460469231731687303715884105727 is 127
M127=170141183460469231731687303715884105727 is a Mersenne prime
The order of 2 mod 274177 is 128
The order of 2 mod 67280421310721 is 128
The order of 2 mod 11053036065049294753459639 is 129
131 has 2 as a primitive root
The order of 2 mod 131 is 130
The order of 2 mod 409891 is 130
The order of 2 mod 7623851 is 130
The order of 2 mod 263 is 131
The order of 2 mod 10350794431055162386718619237468234569 is 131
The order of 2 mod 312709 is 132
The order of 2 mod 4327489 is 132
The order of 2 mod 163537220852725398851434325720959 is 133
The order of 2 mod 7327657 is 134
The order of 2 mod 6713103182899 is 134
The order of 2 mod 271 is 135
The order of 2 mod 348031 is 135
The order of 2 mod 49971617830801 is 135
The order of 2 mod 354689 is 136
The order of 2 mod 2879347902817 is 136
The order of 2 mod 32032215596496435569 is 137
The order of 2 mod 5439042183600204290159 is 137
139 has 2 as a primitive root
The order of 2 mod 139 is 138
The order of 2 mod 168749965921 is 138
The order of 2 mod 5625767248687 is 139
The order of 2 mod 123876132205208335762278423601 is 139
The order of 2 mod 7416361 is 140
The order of 2 mod 47392381 is 140
The order of 2 mod 4375578271 is 141
The order of 2 mod 646675035253258729 is 141
The order of 2 mod 56409643 is 142
The order of 2 mod 13952598148481 is 142
The order of 2 mod 724153 is 143
The order of 2 mod 158822951431 is 143
The order of 2 mod 5782172113400990737 is 143
The order of 2 mod 577 is 144
The order of 2 mod 487824887233 is 144
The order of 2 mod 2679895157783862814690027494144991 is 145
The order of 2 mod 1753 is 146
The order of 2 mod 1795918038741070627 is 146
The order of 2 mod 2741672362528725535068727 is 147
149 has 2 as a primitive root
The order of 2 mod 149 is 148
The order of 2 mod 593 is 148
The order of 2 mod 184481113 is 148
The order of 2 mod 231769777 is 148
The order of 2 mod 86656268566282183151 is 149
The order of 2 mod 8235109336690846723986161 is 149
The order of 2 mod 1133836730401 is 150
The order of 2 mod 18121 is 151
The order of 2 mod 55871 is 151
The order of 2 mod 165799 is 151
The order of 2 mod 2332951 is 151
The order of 2 mod 7289088383388253664437433 is 151
The order of 2 mod 1217 is 152
The order of 2 mod 148961 is 152
The order of 2 mod 24517014940753 is 152
The order of 2 mod 919 is 153
The order of 2 mod 75582488424179347083438319 is 153
The order of 2 mod 617 is 154
The order of 2 mod 78233 is 154
The order of 2 mod 35532364099 is 154
The order of 2 mod 311 is 155
The order of 2 mod 11471 is 155
The order of 2 mod 73471 is 155
The order of 2 mod 4649919401 is 155
The order of 2 mod 18158209813151 is 155
The order of 2 mod 313 is 156
The order of 2 mod 1249 is 156
The order of 2 mod 3121 is 156
The order of 2 mod 21841 is 156
The order of 2 mod 852133201 is 157
The order of 2 mod 60726444167 is 157
The order of 2 mod 1654058017289 is 157
The order of 2 mod 2134387368610417 is 157
The order of 2 mod 201487636602438195784363 is 158
The order of 2 mod 6679 is 159
The order of 2 mod 13960201 is 159
The order of 2 mod 540701761 is 159
The order of 2 mod 229890275929 is 159
The order of 2 mod 414721 is 160
The order of 2 mod 44479210368001 is 160
The order of 2 mod 1289 is 161
The order of 2 mod 3188767 is 161
The order of 2 mod 45076044553 is 161
The order of 2 mod 14808607715315782481 is 161
163 has 2 as a primitive root
The order of 2 mod 163 is 162
The order of 2 mod 135433 is 162
The order of 2 mod 272010961 is 162
The order of 2 mod 150287 is 163
The order of 2 mod 704161 is 163
The order of 2 mod 110211473 is 163
The order of 2 mod 27669118297 is 163
The order of 2 mod 36230454570129675721 is 163
The order of 2 mod 10169 is 164
The order of 2 mod 12112549 is 164
The order of 2 mod 181549 is 164
The order of 2 mod 43249589 is 164
The order of 2 mod 2048568835297380486760231 is 165
The order of 2 mod 499 is 166
The order of 2 mod 1163 is 166
The order of 2 mod 2657 is 166
The order of 2 mod 155377 is 166
The order of 2 mod 13455809771 is 166
The order of 2 mod 2349023 is 167
The order of 2 mod 79638304766856507377778616296087448490695649 is 167
The order of 2 mod 3361 is 168
The order of 2 mod 88959882481 is 168
The order of 2 mod 4057 is 169
The order of 2 mod 6740339310641 is 169
The order of 2 mod 3340762283952395329506327023033 is 169
The order of 2 mod 26831423036065352611 is 170
The order of 2 mod 93507247 is 171
The order of 2 mod 3042645634792541312037847 is 171
173 has 2 as a primitive root
The order of 2 mod 173 is 172
The order of 2 mod 101653 is 172
The order of 2 mod 500177 is 172
The order of 2 mod 1759217765581 is 172
The order of 2 mod 730753 is 173
The order of 2 mod 1505447 is 173
The order of 2 mod 70084436712553223 is 173
The order of 2 mod 155285743288572277679887 is 173
The order of 2 mod 96076791871613611 is 174
The order of 2 mod 39551 is 175
The order of 2 mod 60816001 is 175
The order of 2 mod 535347624791488552837151 is 175
The order of 2 mod 229153 is 176
The order of 2 mod 119782433 is 176
The order of 2 mod 43872038849 is 176
The order of 2 mod 184081 is 177
The order of 2 mod 27989941729 is 177
The order of 2 mod 9213624084535989031 is 177
179 has 2 as a primitive root
The order of 2 mod 179 is 178
The order of 2 mod 62020897 is 178
The order of 2 mod 18584774046020617 is 178
The order of 2 mod 359 is 179
The order of 2 mod 1433 is 179
The order of 2 mod 1489459109360039866456940197095433721664951999121 is 179
181 has 2 as a primitive root
The order of 2 mod 181 is 180
The order of 2 mod 54001 is 180
The order of 2 mod 29247661 is 180
The order of 2 mod 43441 is 181
The order of 2 mod 7648337 is 181
The order of 2 mod 1164193 is 181
The order of 2 mod 7923871097285295625344647665764672671 is 181
The order of 2 mod 224771 is 182
The order of 2 mod 1210483 is 182
The order of 2 mod 25829691707 is 182
The order of 2 mod 367 is 183
The order of 2 mod 55633 is 183
The order of 2 mod 37201708625305146303973352041 is 183
The order of 2 mod 291280009243618888211558641 is 184
The order of 2 mod 1587855697992791 is 185
The order of 2 mod 7248808599285760001152755641 is 185
The order of 2 mod 529510939 is 186
The order of 2 mod 2903110321 is 186
The order of 2 mod 707983 is 187
The order of 2 mod 1032670816743843860998850056278950666491537 is 187
The order of 2 mod 3761 is 188
The order of 2 mod 7484047069 is 188
The order of 2 mod 140737471578113 is 188
The order of 2 mod 1560007 is 189
The order of 2 mod 207617485544258392970753527 is 189
The order of 2 mod 2281 is 190
The order of 2 mod 3011347479614249131 is 190
The order of 2 mod 383 is 191
The order of 2 mod 7068569257 is 191
The order of 2 mod 39940132241 is 191
The order of 2 mod 332584516519201 is 191
The order of 2 mod 87274497124602996457 is 191
The order of 2 mod 18446744069414584321 is 192
The order of 2 mod 13821503 is 193
The order of 2 mod 61654440233248340616559 is 193
The order of 2 mod 14732265321145317331353282383 is 193
The order of 2 mod 971 is 194
The order of 2 mod 1553 is 194
The order of 2 mod 31817 is 194
The order of 2 mod 1100876018364883721 is 194
The order of 2 mod 134304196845099262572814573351 is 195
197 has 2 as a primitive root
The order of 2 mod 197 is 196
The order of 2 mod 19707683773 is 196
The order of 2 mod 4981857697937 is 196
The order of 2 mod 7487 is 197
The order of 2 mod 26828803997912886929710867041891989490486893845712448833 is 197
The order of 2 mod 5347 is 198
The order of 2 mod 242099935645987 is 198
The order of 2 mod 164504919713 is 199
The order of 2 mod 4884164093883941177660049098586324302977543600799 is 199
The order of 2 mod 401 is 200
The order of 2 mod 340801 is 200
The order of 2 mod 2787601 is 200
The order of 2 mod 3173389601 is 200
The order of 2 mod 1609 is 201
The order of 2 mod 22111 is 201
The order of 2 mod 87449423397425857942678833145441 is 201
The order of 2 mod 845100400152152934331135470251 is 202
The order of 2 mod 136417 is 203
The order of 2 mod 121793911 is 203
The order of 2 mod 11348055580883272011090856053175361113 is 203
The order of 2 mod 409 is 204
The order of 2 mod 3061 is 204
The order of 2 mod 13669 is 204
The order of 2 mod 1326700741 is 204
The order of 2 mod 2940521 is 205
The order of 2 mod 70171342151 is 205
The order of 2 mod 3655725065508797181674078959681 is 205
The order of 2 mod 415141630193 is 206
The order of 2 mod 8142767081771726171 is 206
The order of 2 mod 79903 is 207
The order of 2 mod 634569679 is 207
The order of 2 mod 2232578641663 is 207
The order of 2 mod 42166482463639 is 207
The order of 2 mod 78919881726271091143763623681 is 208
The order of 2 mod 94803416684681 is 209
The order of 2 mod 1512348937147247 is 209
The order of 2 mod 5346950541323960232319657 is 209
211 has 2 as a primitive root
The order of 2 mod 211 is 210
The order of 2 mod 664441 is 210
The order of 2 mod 1564921 is 210
The order of 2 mod 15193 is 211
The order of 2 mod 60272956433838849161 is 211
The order of 2 mod 3593875704495823757388199894268773153439 is 211
The order of 2 mod 15358129 is 212
The order of 2 mod 586477649 is 212
The order of 2 mod 1801439824104653 is 212
prlist = [3, 5, 11, 13, 19, 29, 37, 53, 59, 61, 67, 83, 101, 107, 131, 139, 149, 163, 173, 179, 181, 197, 211]
order =  {"2": [3], "3": [7], "4": [5], "5": [31], "6": [], "7": [127], "8": [17], "9": [73], "10": [11], "11": [23, 89], "12": [13], "13": [8191], "14": [43], "15": [151], "16": [257], "17": [131071], "18": [19], "19": [524287], "20": [41], "21": [337], "22": [683], "23": [47, 178481], "24": [241], "25": [601, 1801], "26": [2731], "27": [262657], "28": [29, 113], "29": [233, 1103, 2089], "30": [331], "31": [2147483647], "32": [65537], "33": [599479], "34": [43691], "35": [71, 122921], "36": [37, 109], "37": [223, 616318177], "38": [174763], "39": [79, 121369], "40": [61681], "41": [13367, 164511353], "42": [5419], "43": [431, 2099863, 9719], "44": [397, 2113], "45": [631, 23311], "46": [2796203], "47": [2351, 4513, 13264529], "48": [97, 673], "49": [4432676798593], "50": [251, 4051], "51": [103, 2143, 11119], "52": [53, 157, 1613], "53": [6361, 69431, 20394401], "54": [87211], "55": [881, 3191, 201961], "56": [15790321], "57": [32377, 1212847], "58": [59, 3033169], "59": [179951, 3203431780337], "60": [61, 1321], "61": [2305843009213693951], "62": [715827883], "63": [92737, 649657], "64": [641, 6700417], "65": [145295143558111], "66": [67, 20857], "67": [193707721, 761838257287], "68": [137, 953, 26317], "69": [10052678938039], "70": [281, 86171], "71": [228479, 48544121, 212885833], "72": [433, 38737], "73": [439, 2298041, 9361973132609], "74": [1777, 25781083], "75": [100801, 10567201], "76": [229, 457, 525313], "77": [581283643249112959], "78": [22366891], "79": [2687, 202029703, 1113491139767], "80": [4278255361], "81": [2593, 71119, 97685839], "82": [83, 8831418697], "83": [167, 57912614113275649087721], "84": [1429, 14449], "85": [9520972806333758431], "86": [2932031007403], "87": [4177, 9857737155463], "88": [353, 2931542417], "89": [618970019642690137449562111], "90": [18837001], "91": [911, 112901153, 23140471537], "92": [277, 1013, 1657, 30269], "93": [658812288653553079], "94": [283, 165768537521], "95": [191, 420778751, 30327152671], "96": [193, 22253377], "97": [11447, 13842607235828485645766393], "98": [4363953127297], "99": [199, 153649, 33057806959], "100": [101, 8101, 268501], "101": [7432339208719, 341117531003194129], "102": [307, 2857, 6529], "103": [2550183799, 3976656429941438590393], "104": [858001, 308761441], "105": [152041, 29191, 106681], "106": [107, 28059810762433], "107": [162259276829213363391578010288127], "108": [246241, 279073], "109": [745988807, 870035986098720987332873], "110": [2971, 48912491], "111": [321679, 26295457, 319020217], "112": [5153, 54410972897], "113": [3391, 65993, 23279, 1868569, 1066818132868207], "114": [571, 160465489], "115": [14951, 4036961, 2646507710984041], "116": [107367629, 536903681], "117": [937, 6553, 86113, 7830118297], "118": [2833, 37171, 1824726041], "119": [239, 20231, 62983048367, 131105292137], "120": [4562284561], "121": [727, 1786393878363164227858270210279], "122": [768614336404564651], "123": [3887047, 177722253954175633], "124": [5581, 8681, 49477, 384773], "125": [269089806001, 4710883168879506001], "126": [77158673929], "127": [170141183460469231731687303715884105727], "128": [274177, 67280421310721], "129": [11053036065049294753459639], "130": [131, 409891, 7623851], "131": [263, 10350794431055162386718619237468234569], "132": [312709, 4327489], "133": [163537220852725398851434325720959], "134": [7327657, 6713103182899], "135": [271, 348031, 49971617830801], "136": [354689, 2879347902817], "137": [32032215596496435569, 5439042183600204290159], "138": [139, 168749965921], "139": [5625767248687, 123876132205208335762278423601], "140": [7416361, 47392381], "141": [4375578271, 646675035253258729], "142": [56409643, 13952598148481], "143": [724153, 158822951431, 5782172113400990737], "144": [577, 487824887233], "145": [2679895157783862814690027494144991], "146": [1753, 1795918038741070627], "147": [2741672362528725535068727], "148": [149, 593, 184481113, 231769777], "149": [86656268566282183151, 8235109336690846723986161], "150": [1133836730401], "151": [18121, 55871, 165799, 2332951, 7289088383388253664437433], "152": [1217, 148961, 24517014940753], "153": [919, 75582488424179347083438319], "154": [617, 78233, 35532364099], "155": [311, 11471, 73471, 4649919401, 18158209813151], "156": [313, 1249, 3121, 21841], "157": [852133201, 60726444167, 1654058017289, 2134387368610417], "158": [201487636602438195784363], "159": [6679, 13960201, 540701761, 229890275929], "160": [414721, 44479210368001], "161": [1289, 3188767, 45076044553, 14808607715315782481], "162": [163, 135433, 272010961], "163": [150287, 704161, 110211473, 27669118297, 36230454570129675721], "164": [10169, 12112549, 181549, 43249589], "165": [2048568835297380486760231], "166": [499, 1163, 2657, 155377, 13455809771], "167": [2349023, 79638304766856507377778616296087448490695649], "168": [3361, 88959882481], "169": [4057, 6740339310641, 3340762283952395329506327023033], "170": [26831423036065352611], "171": [93507247, 3042645634792541312037847], "172": [173, 101653, 500177, 1759217765581], "173": [730753, 1505447, 70084436712553223, 155285743288572277679887], "174": [96076791871613611], "175": [39551, 60816001, 535347624791488552837151], "176": [229153, 119782433, 43872038849], "177": [184081, 27989941729, 9213624084535989031], "178": [179, 62020897, 18584774046020617], "179": [359, 1433, 1489459109360039866456940197095433721664951999121], "180": [181, 54001, 29247661], "181": [43441, 7648337, 1164193, 7923871097285295625344647665764672671], "182": [224771, 1210483, 25829691707], "183": [367, 55633, 37201708625305146303973352041], "184": [291280009243618888211558641], "185": [1587855697992791, 7248808599285760001152755641], "186": [529510939, 2903110321], "187": [707983, 1032670816743843860998850056278950666491537], "188": [3761, 7484047069, 140737471578113], "189": [1560007, 207617485544258392970753527], "190": [2281, 3011347479614249131], "191": [383, 7068569257, 39940132241, 332584516519201, 87274497124602996457], "192": [18446744069414584321], "193": [13821503, 61654440233248340616559, 14732265321145317331353282383], "194": [971, 1553, 31817, 1100876018364883721], "195": [134304196845099262572814573351], "196": [197, 19707683773, 4981857697937], "197": [7487, 26828803997912886929710867041891989490486893845712448833], "198": [5347, 242099935645987], "199": [164504919713, 4884164093883941177660049098586324302977543600799], "200": [401, 340801, 2787601, 3173389601], "201": [1609, 22111, 87449423397425857942678833145441], "202": [845100400152152934331135470251], "203": [136417, 121793911, 11348055580883272011090856053175361113], "204": [409, 3061, 13669, 1326700741], "205": [2940521, 70171342151, 3655725065508797181674078959681], "206": [415141630193, 8142767081771726171], "207": [79903, 634569679, 2232578641663, 42166482463639], "208": [78919881726271091143763623681], "209": [94803416684681, 1512348937147247, 5346950541323960232319657], "210": [211, 664441, 1564921], "211": [15193, 60272956433838849161, 3593875704495823757388199894268773153439], "212": [15358129, 586477649, 1801439824104653]}
