5
10
20
22
27
37
39
44
54
56
61
71
73
78
88
90
95
105
107
112
122
124
129
139
141
146
156
158
163
173
175
180
190
192
197
207
209
214
224
226
231
241
243
248
258
260
265
275
277
282
292
294
299
309
311
316
326
328
333
343
345
350
360
362
367
377
379
384
394
396
401
411
413
418
428
430
435
445
447
452
462
464
469
479
481
486
496
498
503
513
515
520
530
532
537
547
549
554
564
566
571
581
583
588
598
600
605
615
617
622
632
634
639
649
651
656
666
668
673
683
685
690
700
702
707
717
719
724
734
736
741
751
753
758
768
770
775
785
787
792
802
804
809
819
821
826
836
838
843
853
855
860
870
872
877
887
889
894
904
906
911
921
923
928
938
940
945
955
957
962
972
974
979
989
991
996
