3
4
6
8
9
11
13
14
16
18
19
21
23
24
26
28
29
31
33
34
36
38
39
41
43
44
46
48
49
51
53
54
56
58
59
61
63
64
66
68
69
71
73
74
76
78
79
81
83
84
86
88
89
91
93
94
96
98
99
101
103
104
106
108
109
111
113
114
116
118
119
121
123
124
126
128
129
131
133
134
136
138
139
141
143
144
146
148
149
151
153
154
156
158
159
161
163
164
166
168
169
171
173
174
176
178
179
181
183
184
186
188
189
191
193
194
196
198
199
201
203
204
206
208
209
211
213
214
216
218
219
221
223
224
226
228
229
231
233
234
236
238
239
241
243
244
246
248
249
251
253
254
256
258
259
261
263
264
266
268
269
271
273
274
276
278
279
281
283
284
286
288
289
291
293
294
296
298
299
301
303
304
306
308
309
311
313
314
316
318
319
321
323
324
326
328
329
331
333
334
336
338
339
341
343
344
346
348
349
351
353
354
356
358
359
361
363
364
366
368
369
371
373
374
376
378
379
381
383
384
386
388
389
391
393
394
396
398
399
401
403
404
406
408
409
411
413
414
416
418
419
421
423
424
426
428
429
431
433
434
436
438
439
441
443
444
446
448
449
451
453
454
456
458
459
461
463
464
466
468
469
471
473
474
476
478
479
481
483
484
486
488
489
491
493
494
496
498
499
501
503
504
506
508
509
511
513
514
516
518
519
521
523
524
526
528
529
531
533
534
536
538
539
541
543
544
546
548
549
551
553
554
556
558
559
561
563
564
566
568
569
571
573
574
576
578
579
581
583
584
586
588
589
591
593
594
596
598
599
601
603
604
606
608
609
611
613
614
616
618
619
621
623
624
626
628
629
631
633
634
636
638
639
641
643
644
646
648
649
651
653
654
656
658
659
661
663
664
666
668
669
671
673
674
676
678
679
681
683
684
686
688
689
691
693
694
696
698
699
701
703
704
706
708
709
711
713
714
716
718
719
721
723
724
726
728
729
731
733
734
736
738
739
741
743
744
746
748
749
751
753
754
756
758
759
761
763
764
766
768
769
771
773
774
776
778
779
781
783
784
786
788
789
791
793
794
796
798
799
801
803
804
806
808
809
811
813
814
816
818
819
821
823
824
826
828
829
831
833
834
836
838
839
841
843
844
846
848
849
851
853
854
856
858
859
861
863
864
866
868
869
871
873
874
876
878
879
881
883
884
886
888
889
891
893
894
896
898
899
901
903
904
906
908
909
911
913
914
916
918
919
921
923
924
926
928
929
931
933
934
936
938
939
941
943
944
946
948
949
951
953
954
956
958
959
961
963
964
966
968
969
971
973
974
976
978
979
981
983
984
986
988
989
991
993
994
996
998
999
1001
1003
1004
