1
2
6
12
13
17
23
24
28
34
35
39
45
46
50
56
57
61
67
68
72
78
79
83
89
90
94
100
101
105
111
112
116
122
123
127
133
134
138
144
145
149
155
156
160
166
167
171
177
178
182
188
189
193
199
200
204
210
211
215
221
222
226
232
233
237
243
244
248
254
255
259
265
266
270
276
277
281
287
288
292
298
299
303
309
310
314
320
321
325
331
332
336
342
343
347
353
354
358
364
365
369
375
376
380
386
387
391
397
398
402
408
409
413
419
420
424
430
431
435
441
442
446
452
453
457
463
464
468
474
475
479
485
486
490
496
497
501
507
508
512
518
519
523
529
530
534
540
541
545
551
552
556
562
563
567
573
574
578
584
585
589
595
596
600
606
607
611
617
618
622
628
629
633
639
640
644
650
651
655
661
662
666
672
673
677
683
684
688
694
695
699
705
706
710
716
717
721
727
728
732
738
739
743
749
750
754
760
761
765
771
772
776
782
783
787
793
794
798
804
805
809
815
816
820
826
827
831
837
838
842
848
849
853
859
860
864
870
871
875
881
882
886
892
893
897
903
904
908
914
915
919
925
926
930
936
937
941
947
948
952
958
959
963
969
970
974
980
981
985
991
992
996
