6
11
12
19
24
25
32
37
38
45
50
51
58
63
64
71
76
77
84
89
90
97
102
103
110
115
116
123
128
129
136
141
142
149
154
155
162
167
168
175
180
181
188
193
194
201
206
207
214
219
220
227
232
233
240
245
246
253
258
259
266
271
272
279
284
285
292
297
298
305
310
311
318
323
324
331
336
337
344
349
350
357
362
363
370
375
376
383
388
389
396
401
402
409
414
415
422
427
428
435
440
441
448
453
454
461
466
467
474
479
480
487
492
493
500
505
506
513
518
519
526
531
532
539
544
545
552
557
558
565
570
571
578
583
584
591
596
597
604
609
610
617
622
623
630
635
636
643
648
649
656
661
662
669
674
675
682
687
688
695
700
701
708
713
714
721
726
727
734
739
740
747
752
753
760
765
766
773
778
779
786
791
792
799
804
805
812
817
818
825
830
831
838
843
844
851
856
857
864
869
870
877
882
883
890
895
896
903
908
909
916
921
922
929
934
935
942
947
948
955
960
961
968
973
974
981
986
987
994
999
1000
