4
8
16
23
27
35
42
46
54
61
65
73
80
84
92
99
103
111
118
122
130
137
141
149
156
160
168
175
179
187
194
198
206
213
217
225
232
236
244
251
255
263
270
274
282
289
293
301
308
312
320
327
331
339
346
350
358
365
369
377
384
388
396
403
407
415
422
426
434
441
445
453
460
464
472
479
483
491
498
502
510
517
521
529
536
540
548
555
559
567
574
578
586
593
597
605
612
616
624
631
635
643
650
654
662
669
673
681
688
692
700
707
711
719
726
730
738
745
749
757
764
768
776
783
787
795
802
806
814
821
825
833
840
844
852
859
863
871
878
882
890
897
901
909
916
920
928
935
939
947
954
958
966
973
977
985
992
996
1004
