1
2
4
24
25
27
47
48
50
70
71
73
93
94
96
116
117
119
139
140
142
162
163
165
185
186
188
208
209
211
231
232
234
254
255
257
277
278
280
300
301
303
323
324
326
346
347
349
369
370
372
392
393
395
415
416
418
438
439
441
461
462
464
484
485
487
507
508
510
530
531
533
553
554
556
576
577
579
599
600
602
622
623
625
645
646
648
668
669
671
691
692
694
714
715
717
737
738
740
760
761
763
783
784
786
806
807
809
829
830
832
852
853
855
875
876
878
898
899
901
921
922
924
944
945
947
967
968
970
990
991
993
