1
2
4
7
8
9
11
14
15
16
18
21
22
23
25
28
29
30
32
35
36
37
39
42
43
44
46
49
50
51
53
56
57
58
60
63
64
65
67
70
71
72
74
77
78
79
81
84
85
86
88
91
92
93
95
98
99
100
102
105
106
107
109
112
113
114
116
119
120
121
123
126
127
128
130
133
134
135
137
140
141
142
144
147
148
149
151
154
155
156
158
161
162
163
165
168
169
170
172
175
176
177
179
182
183
184
186
189
190
191
193
196
197
198
200
203
204
205
207
210
211
212
214
217
218
219
221
224
225
226
228
231
232
233
235
238
239
240
242
245
246
247
249
252
253
254
256
259
260
261
263
266
267
268
270
273
274
275
277
280
281
282
284
287
288
289
291
294
295
296
298
301
302
303
305
308
309
310
312
315
316
317
319
322
323
324
326
329
330
331
333
336
337
338
340
343
344
345
347
350
351
352
354
357
358
359
361
364
365
366
368
371
372
373
375
378
379
380
382
385
386
387
389
392
393
394
396
399
400
401
403
406
407
408
410
413
414
415
417
420
421
422
424
427
428
429
431
434
435
436
438
441
442
443
445
448
449
450
452
455
456
457
459
462
463
464
466
469
470
471
473
476
477
478
480
483
484
485
487
490
491
492
494
497
498
499
501
504
505
506
508
511
512
513
515
518
519
520
522
525
526
527
529
532
533
534
536
539
540
541
543
546
547
548
550
553
554
555
557
560
561
562
564
567
568
569
571
574
575
576
578
581
582
583
585
588
589
590
592
595
596
597
599
602
603
604
606
609
610
611
613
616
617
618
620
623
624
625
627
630
631
632
634
637
638
639
641
644
645
646
648
651
652
653
655
658
659
660
662
665
666
667
669
672
673
674
676
679
680
681
683
686
687
688
690
693
694
695
697
700
701
702
704
707
708
709
711
714
715
716
718
721
722
723
725
728
729
730
732
735
736
737
739
742
743
744
746
749
750
751
753
756
757
758
760
763
764
765
767
770
771
772
774
777
778
779
781
784
785
786
788
791
792
793
795
798
799
800
802
805
806
807
809
812
813
814
816
819
820
821
823
826
827
828
830
833
834
835
837
840
841
842
844
847
848
849
851
854
855
856
858
861
862
863
865
868
869
870
872
875
876
877
879
882
883
884
886
889
890
891
893
896
897
898
900
903
904
905
907
910
911
912
914
917
918
919
921
924
925
926
928
931
932
933
935
938
939
940
942
945
946
947
949
952
953
954
956
959
960
961
963
966
967
968
970
973
974
975
977
980
981
982
984
987
988
989
991
994
995
996
998
1001
